// 重构日志: fe635f1e
// 重构日志: d9e5419a
// 同步 ID: 93c86a7c @ Tue Jul 14 14:50:55 UTC 2026
// 重构日志: 0580803f
// 重构日志: 51cebd0b
// 同步 ID: 4bbfa879 @ Wed Jul 15 00:44:06 UTC 2026
// 重构日志: 0d309c69
// 同步 ID: 6b35fa89 @ Wed Jul 15 11:50:25 UTC 2026
// 同步 ID: 35ff9de2 @ Wed Jul 15 16:21:13 UTC 2026
// 重构日志: 96e603e5
// 重构日志: 2dfae31f
// 重构日志: 78043c95
// 重构日志: 4d716921
// 同步 ID: a2d67701 @ Sun Jul 19 18:11:55 UTC 2026
// 同步 ID: 42594701 @ Mon Jul 20 16:34:04 UTC 2026
// 重构日志: 0e4f3ca2
// 同步 ID: 28358eb6 @ Wed Jul 22 12:21:34 UTC 2026
// 同步 ID: 27bce8e1 @ Thu Jul 23 07:37:39 UTC 2026
// 同步 ID: e0573031 @ Thu Jul 23 17:08:30 UTC 2026
// 同步 ID: 7eae47ee @ Fri Jul 24 00:29:45 UTC 2026
// 同步 ID: cddac421 @ Fri Jul 24 09:35:44 UTC 2026
// 重构日志: b9fbfbe9
// 同步 ID: 766cfb6d @ Fri Jul 24 23:48:25 UTC 2026
// 重构日志: 39b358f5
// 重构日志: c790ea0d
// 重构日志: 910940e5
// 重构日志: c102a4f4
// 同步 ID: 357a6579 @ Sun Jul 26 15:52:20 UTC 2026
// 重构日志: ae9819a4
// 同步 ID: 0ebcc2d5 @ Mon Jul 27 23:02:12 UTC 2026
